// Jest Snapshot v1, https://goo.gl/fbAQLP

exports[`Storyshots Task Card Card 1`] = `
<div
  className="sc-bdVaJa dJIVuV"
>
  <div
    className="MuiPaper-root MuiCard-root MuiPaper-elevation1 MuiPaper-rounded"
  >
    <div
      className="MuiCardContent-root"
    >
      <h1
        className="sc-bwzfXH iboKjb"
      >
        This is a card
      </h1>
      some fancy description
    </div>
    <div
      className="MuiCardActions-root"
      style={
        Object {
          "padding": "14px",
        }
      }
    >
      <div
        className="MuiGrid-root MuiGrid-container MuiGrid-justify-xs-space-between"
      >
        <div
          className="MuiGrid-root MuiGrid-item"
        >
          <div
            className="MuiFormControl-root"
            style={
              Object {
                "width": "140px",
              }
            }
          >
            <div
              className="MuiInputBase-root MuiInput-root MuiInput-underline MuiInputBase-formControl MuiInput-formControl"
              onClick={[Function]}
            >
              <div
                aria-haspopup="listbox"
                className="MuiSelect-root MuiSelect-select MuiSelect-selectMenu MuiInputBase-input MuiInput-input"
                onBlur={[Function]}
                onFocus={[Function]}
                onKeyDown={[Function]}
                onMouseDown={[Function]}
                role="button"
                tabIndex={0}
              >
                Open
              </div>
              <input
                onAnimationStart={[Function]}
                type="hidden"
                value="OPEN"
              />
              <svg
                aria-hidden={true}
                className="MuiSvgIcon-root MuiSelect-icon"
                focusable="false"
                viewBox="0 0 24 24"
              >
                <path
                  d="M7 10l5 5 5-5z"
                />
              </svg>
            </div>
          </div>
        </div>
        <div
          className="MuiGrid-root MuiGrid-item"
        >
          <button
            className="MuiButtonBase-root MuiIconButton-root"
            disabled={false}
            onBlur={[Function]}
            onClick={[Function]}
            onDragLeave={[Function]}
            onFocus={[Function]}
            onKeyDown={[Function]}
            onKeyUp={[Function]}
            onMouseDown={[Function]}
            onMouseLeave={[Function]}
            onMouseUp={[Function]}
            onTouchEnd={[Function]}
            onTouchMove={[Function]}
            onTouchStart={[Function]}
            tabIndex={0}
            type="button"
          >
            <span
              className="MuiIconButton-label"
            >
              <svg
                aria-hidden={true}
                className="MuiSvgIcon-root MuiSvgIcon-colorError"
                focusable="false"
                viewBox="0 0 24 24"
              >
                <path
                  d="M6 19c0 1.1.9 2 2 2h8c1.1 0 2-.9 2-2V7H6v12zM19 4h-3.5l-1-1h-5l-1 1H5v2h14V4z"
                />
              </svg>
            </span>
          </button>
        </div>
      </div>
    </div>
  </div>
</div>
`;
